// Jest Snapshot v1, https://goo.gl/fbAQLP

exports[`AppChrome renders with the app chrome regions 1`] = `
.emotion-3 {
  overflow: hidden;
  font-size: 14px;
}

.emotion-2 {
  -webkit-align-items: flex;
  -webkit-box-align: flex;
  -ms-flex-align: flex;
  align-items: flex;
  box-sizing: border-box;
  display: -webkit-box;
  display: -webkit-flex;
  display: -ms-flexbox;
  display: flex;
  -webkit-box-pack: start;
  -webkit-justify-content: flex-start;
  -ms-flex-pack: start;
  justify-content: flex-start;
  -webkit-flex-direction: row;
  -ms-flex-direction: row;
  flex-direction: row;
  -webkit-flex-wrap: nowrap;
  -ms-flex-wrap: nowrap;
  flex-wrap: nowrap;
}

.emotion-0 {
  -webkit-flex-basis: auto;
  -ms-flex-preferred-size: auto;
  flex-basis: auto;
  -webkit-box-flex: 0;
  -webkit-flex-grow: 0;
  -ms-flex-positive: 0;
  flex-grow: 0;
  -webkit-flex-shrink: 0;
  -ms-flex-negative: 0;
  flex-shrink: 0;
  width: initial;
  box-sizing: border-box;
  padding-left: 16px;
}

.emotion-0:first-child {
  padding-left: 0;
}

.emotion-1 {
  -webkit-flex-basis: 0;
  -ms-flex-preferred-size: 0;
  flex-basis: 0;
  -webkit-box-flex: 1;
  -webkit-flex-grow: 1;
  -ms-flex-positive: 1;
  flex-grow: 1;
  min-width: 0;
  width: auto;
  box-sizing: border-box;
  padding-left: 16px;
}

.emotion-1:first-child {
  padding-left: 0;
}

<div
  className="emotion-3"
>
  <div
    className="headerBar"
  >
    <div>
      HeaderBar content goes here
    </div>
  </div>
  <div
    className="emotion-2"
  >
    <div
      className="emotion-0"
    >
      <div>
        Sidebar content
      </div>
    </div>
    <main
      className="emotion-1"
    >
      <div>
        Main app content goes here
      </div>
    </main>
  </div>
</div>
`;
